[0;32mI (13) boot: ESP-IDF v5.4-dirty 2nd stage bootloader[0m
[0;32mI (13) boot: compile time May 23 2025 09:34:56[0m
[0;32mI (13) boï¿½I (13) boot: ESP-IDF v5.4-dirty 2nd stage bootloader[0m
[0;32mI (13) boot: compile time May 23 2025 09:34:56[0m
[0;32mI (13) boot: Multicore bootloader[0m
[0;32mI (14) boot: chip revision: v3.1[0m
[0;32mI (17) boot.esp32: SPI Speed      : 40MHz[0m
[0;32mI (20) boot.esp32: SPI Mode       : DIO[0m
[0;32mI (24) boot.esp32: SPI Flash Size : 8MB[0m
[0;32mI (28) boot: Enabling RNG early entropy source...[0m
[0;32mI (32) boot: Partition Table:[0m
[0;32mI (35) boot: ## Label            Usage          Type ST Offset   Length[0m
[0;32mI (41) boot:  0 nvs              WiFi data        01 02 00009000 00006000[0m
[0;32mI (48) boot:  1 phy_init         RF data          01 01 0000f000 00001000[0m
[0;32mI (54) boot:  2 factory          factory app      00 00 00010000 00100000[0m
[0;32mI (61) boot: End of partition table[0m
[0;32mI (64) esp_image: segment 0: paddr=00010020 vaddr=3f400020 size=0e460h ( 58464) map[0m
[0;32mI (91) esp_image: segment 1: paddr=0001e488 vaddr=3ff80000 size=0001ch (    28) load[0m
[0;32mI (92) esp_image: segment 2: paddr=0001e4ac vaddr=3ffb0000 size=01b6ch (  7020) load[0m
[0;32mI (98) esp_image: segment 3: paddr=00020020 vaddr=400d0020 size=2047ch (132220) map[0m
[0;32mI (148) esp_image: segment 4: paddr=000404a4 vaddr=3ffb1b6c size=009f8h (  2552) load[0m
[0;32mI (149) esp_image: segment 5: paddr=00040ea4 vaddr=40080000 size=0e950h ( 59728) load[0m
[0;32mI (182) boot: Loaded app from partition at offset 0x10000[0m
[0;32mI (182) boot: Disabling RNG early entropy source...[0m
[0;32mI (192) cpu_start: Multicore app[0m
[0;32mI (201) cpu_start: Pro cpu start user code[0m
[0;32mI (201) cpu_start: cpu freq: 160000000 Hz[0m
[0;32mI (201) app_init: Application information:[0m
[0;32mI (201) app_init: Project name:     BAND_BOX[0m
[0;32mI (205) app_init: App version:      a95105c-dirty[0m
[0;32mI (209) app_init: Compile time:     May 26 2025 12:13:59[0m
[0;32mI (214) app_init: ELF file SHA256:  78e9d496d...[0m
[0;32mI (219) app_init: ESP-IDF:          v5.4-dirty[0m
[0;32mI (223) efuse_init: Min chip rev:     v0.0[0m
[0;32mI (227) efuse_init: Max chip rev:     v3.99 [0m
[0;32mI (231) efuse_init: Chip rev:         v3.1[0m
[0;32mI (235) heap_init: Initializing. RAM available for dynamic allocation:[0m
[0;32mI (241) heap_init: At 3FFAE6E0 len 00001920 (6 KiB): DRAM[0m
[0;32mI (246) heap_init: At 3FFB3128 len 0002CED8 (179 KiB): DRAM[0m
[0;32mI (251) heap_init: At 3FFE0440 len 00003AE0 (14 KiB): D/IRAM[0m
[0;32mI (256) heap_init: At 3FFE4350 len 0001BCB0 (111 KiB): D/IRAM[0m
[0;32mI (262) heap_init: At 4008E950 len 000116B0 (69 KiB): IRAM[0m
[0;32mI (269) spi_flash: detected chip: gd[0m
[0;32mI (270) spi_flash: flash io: dio[0m
[0;33mW (273) ADC: legacy driver is deprecated, please migrate to `esp_adc/adc_oneshot.h`[0m
[0;32mI (281) main_task: Started on CPU0[0m
[0;32mI (291) main_task: Calling app_main()[0m
[0;32mI (291) BAND_BOX: app_main function invocation[0m
[0;32mI (291) BAND_BOX: start codec chip[0m
[0;33mW (291) i2c_bus_v2: I2C master handle is NULL, will create new one[0m
[0;32mI (331) BAND_BOX: create audio pipeline for recording[0m
[0;32mI (331) BAND_BOX: create i2s stream to read audio data from codec chip[0m
[0;32mI (331) BAND_BOX: create audio encoder to handle data[0m
[0;32mI (331) BAND_BOX: register all elements to audio pipeline[0m
