ï¿½ï¿½ï¿½ï¿½ï¿½ï¿½ï¿½ï¿½ï¿½ï¿½ets Jul 29 2019 12:21:46

rst:0x1 (POWERON_RESET),boot:0x13 (SPI_FAST_FLASH_BOOT)
configsip: 0, SPIWP:0xee
clk_drv:0x00,q_drv:0x00,d_drv:0x00,cs0_drv:0x00,hd_drv:0x00,wp_drv:0x00
mode:DIO, clock div:2
load:0x3fff0030,len:7176
load:0x40078000,len:15564
ho 0 tail 12 room 4
load:0x40080400,len:4
load:0x40080404,len:3904
entry 0x40080640
[0;32mI (31) boot: ESP-IDF v5.3.1-dirty 2nd stage bootloader[0m
[0;32mI (31) boot: compile time May 17 2025 19:51:38[0m
[0;32mI (31) boot: Multicore bootloader[0m
[0;32mI (36) boot: chip revision: v3.1[0m
[0;32mI (40) boot.esp32: SPI Speed      : 40MHz[0m
[0;32mI (44) boot.esp32: SPI Mode       : DIO[0m
[0;32mI (49) boot.esp32: SPI Flash Size : 8MB[0m
[0;32mI (53) boot: Enabling RNG early entropy source...[0m
[0;32mI (59) boot: Partition Table:[0m
[0;32mI (62) boot: ## Label            Usage          Type ST Offset   Length[0m
[0;32mI (70) boot:  0 nvs              WiFi data        01 02 00009000 00006000[0m
[0;32mI (77) boot:  1 phy_init         RF data          01 01 0000f000 00001000[0m
[0;32mI (85) boot:  2 factory          factory app      00 00 00010000 00100000[0m
[0;32mI (92) boot: End of partition table[0m
[0;32mI (96) esp_image: segment 0: paddr=00010020 vaddr=3f400020 size=8d24ch (578124) map[0m
[0;32mI (303) esp_image: segment 1: paddr=0009d274 vaddr=3ffb0000 size=0253ch (  9532) load[0m
[0;32mI (307) esp_image: segment 2: paddr=0009f7b8 vaddr=40080000 size=00860h (  2144) load[0m
[0;32mI (310) esp_image: segment 3: paddr=000a0020 vaddr=400d0020 size=2f45ch (193628) map[0m
[0;32mI (384) esp_image: segment 4: paddr=000cf484 vaddr=40080860 size=0ea64h ( 60004) load[0m
[0;32mI (415) boot: Loaded app from partition at offset 0x10000[0m
[0;32mI (415) boot: Disabling RNG early entropy source...[0m
[0;32mI (427) cpu_start: Multicore app[0m
[0;32mI (435) cpu_start: Pro cpu start user code[0m
[0;32mI (435) cpu_start: cpu freq: 160000000 Hz[0m
[0;32mI (435) app_init: Application information:[0m
[0;32mI (438) app_init: Project name:     play_mp3_control[0m
[0;32mI (444) app_init: App version:      ab345f7-dirty[0m
[0;32mI (449) app_init: Compile time:     May 17 2025 19:51:34[0m
[0;32mI (455) app_init: ELF file SHA256:  4db0f455e...[0m
[0;32mI (461) app_init: ESP-IDF:          v5.3.1-dirty[0m
[0;32mI (466) efuse_init: Min chip rev:     v0.0[0m
[0;32mI (471) efuse_init: Max chip rev:     v3.99 [0m
[0;32mI (476) efuse_init: Chip rev:         v3.1[0m
[0;32mI (481) heap_init: Initializing. RAM available for dynamic allocation:[0m
[0;32mI (488) heap_init: At 3FFAE6E0 len 00001920 (6 KiB): DRAM[0m
[0;32mI (494) heap_init: At 3FFB3118 len 0002CEE8 (179 KiB): DRAM[0m
[0;32mI (500) heap_init: At 3FFE0440 len 00003AE0 (14 KiB): D/IRAM[0m
[0;32mI (506) heap_init: At 3FFE4350 len 0001BCB0 (111 KiB): D/IRAM[0m
[0;32mI (513) heap_init: At 4008F2C4 len 00010D3C (67 KiB): IRAM[0m
[0;32mI (520) spi_flash: detected chip: gd[0m
[0;32mI (523) spi_flash: flash io: dio[0m
[0;33mW (527) ADC: legacy driver is deprecated, please migrate to `esp_adc/adc_oneshot.h`[0m
[0;32mI (536) main_task: Started on CPU0[0m
[0;32mI (546) main_task: Calling app_main()[0m
[0;32mI (546) PLAY_FLASH_MP3_CONTROL: [ 1 ] Start audio codec chip[0m
[0;33mW (546) i2c_bus_v2: I2C master handle is NULL, will create new one[0m
[0;32mI (586) PLAY_FLASH_MP3_CONTROL: [ 2 ] Create audio pipeline, add all elements to pipeline, and subscribe pipeline event[0m
[0;32mI (586) PLAY_FLASH_MP3_CONTROL: [2.1] Create mp3 decoder to decode mp3 file and set custom read callback[0m
[0;32mI (596) PLAY_FLASH_MP3_CONTROL: [2.2] Create i2s stream to write data to codec chip[0m
[0;32mI (606) PLAY_FLASH_MP3_CONTROL: [2.3] Register all elements to audio pipeline[0m
[0;32mI (616) PLAY_FLASH_MP3_CONTROL: [2.4] Link it together [mp3_music_read_cb]-->mp3_decoder-->i2s_stream-->[codec_chip][0m
[0;32mI (626) PLAY_FLASH_MP3_CONTROL: [ 3 ] Initialize peripherals[0m
[0;32mI (626) PLAY_FLASH_MP3_CONTROL: [3.1] Initialize keys on board[0m
[0;32mI (636) PLAY_FLASH_MP3_CONTROL: [ 4 ] Set up  event listener[0m
[0;32mI (646) PLAY_FLASH_MP3_CONTROL: [4.1] Listening event from all elements of pipeline[0m
[0;32mI (646) PLAY_FLASH_MP3_CONTROL: [4.2] Listening event from peripherals[0m
[0;33mW (656) PLAY_FLASH_MP3_CONTROL: [ 5 ] Tap touch buttons to control music player:[0m
[0;33mW (666) PLAY_FLASH_MP3_CONTROL:       [Play] to start, pause and resume, [Set] to stop.[0m
[0;33mW (676) PLAY_FLASH_MP3_CONTROL:       [Vol-] or [Vol+] to adjust volume.[0m
[0;32mI (686) PLAY_FLASH_MP3_CONTROL: [ 5.1 ] Start audio_pipeline[0m
[0;33mW (686) AUDIO_THREAD: Make sure selected the `CONFIG_SPIRAM_BOOT_INIT` and `CONFIG_SPIRAM_ALLOW_STACK_EXTERNAL_MEMORY` by `make menuconfig`[0m
[0;32mI (716) PLAY_FLASH_MP3_CONTROL: [ * ] Receive music info from mp3 decoder, sample_rates=8000, bits=16, ch=2[0m
ets Jul 29 2019 12:21:46

rst:0x1 (POWERON_RESET),boot:0x13 (SPI_FAST_FLASH_BOOT)
configsip: 0, SPIWP:0xee
clk_drv:0x00,q_drv:0x00,d_drv:0x00,cs0_drv:0x00,hd_drv:0x00,wp_drv:0x00
mode:DIO, clock div:2
load:0x3fff0030,len:7176
load:0x40078000,len:15564
ho 0 tail 12 room 4
load:0x40080400,len:4
load:0x40080404,len:3904
entry 0x40080640
[0;32mI (31) boot: ESP-IDF v5.3.1-dirty 2nd stage bootloader[0m
[0;32mI (31) boot: compile time May 17 2025 19:51:38[0m
[0;32mI (31) boot: Multicore bootloader[0m
[0;32mI (36) boot: chip revision: v3.1[0m
[0;32mI (40) boot.esp32: SPI Speed      : 40MHz[0m
[0;32mI (44) boot.esp32: SPI Mode       : DIO[0m
[0;32mI (49) boot.esp32: SPI Flash Size : 8MB[0m
[0;32mI (53) boot: Enabling RNG early entropy source...[0m
[0;32mI (59) boot: Partition Table:[0m
[0;32mI (62) boot: ## Label            Usage          Type ST Offset   Length[0m
[0;32mI (70) boot:  0 nvs              WiFi data        01 02 00009000 00006000[0m
[0;32mI (77) boot:  1 phy_init         RF data          01 01 0000f000 00001000[0m
[0;32mI (85) boot:  2 factory          factory app      00 00 00010000 00100000[0m
[0;32mI (92) boot: End of partition table[0m
[0;32mI (96) esp_image: segment 0: paddr=00010020 vaddr=3f400020 size=8d24ch (578124) map[0m
[0;32mI (303) esp_image: segment 1: paddr=0009d274 vaddr=3ffb0000 size=0253ch (  9532) load[0m
[0;32mI (307) esp_image: segment 2: paddr=0009f7b8 vaddr=40080000 size=00860h (  2144) load[0m
[0;32mI (310) esp_image: segment 3: paddr=000a0020 vaddr=400d0020 size=2f45ch (193628) map[0m
[0;32mI (384) esp_image: segment 4: paddr=000cf484 vaddr=40080860 size=0ea64h ( 60004) load[0m
[0;32mI (415) boot: Loaded app from partition at offset 0x10000[0m
[0;32mI (415) boot: Disabling RNG early entropy source...[0m
[0;32mI (427) cpu_start: Multicore app[0m
[0;32mI (435) cpu_start: Pro cpu start user code[0m
[0;32mI (435) cpu_start: cpu freq: 160000000 Hz[0m
[0;32mI (435) app_init: Application information:[0m
[0;32mI (438) app_init: Project name:     play_mp3_control[0m
[0;32mI (444) app_init: App version:      ab345f7-dirty[0m
[0;32mI (449) app_init: Compile time:     May 17 2025 19:51:34[0m
[0;32mI (455) app_init: ELF file SHA256:  4db0f455e...[0m
[0;32mI (461) app_init: ESP-IDF:          v5.3.1-dirty[0m
[0;32mI (466) efuse_init: Min chip rev:     v0.0[0m
[0;32mI (471) efuse_init: Max chip rev:     v3.99 [0m
[0;32mI (476) efuse_init: Chip rev:         v3.1[0m
[0;32mI (481) heap_init: Initializing. RAM available for dynamic allocation:[0m
[0;32mI (488) heap_init: At 3FFAE6E0 len 00001920 (6 KiB): DRAM[0m
[0;32mI (494) heap_init: At 3FFB3118 len 0002CEE8 (179 KiB): DRAM[0m
[0;32mI (500) heap_init: At 3FFE0440 len 00003AE0 (14 KiB): D/IRAM[0m
[0;32mI (506) heap_init: At 3FFE4350 len 0001BCB0 (111 KiB): D/IRAM[0m
[0;32mI (513) heap_init: At 4008F2C4 len 00010D3C (67 KiB): IRAM[0m
[0;32mI (520) spi_flash: detected chip: gd[0m
[0;32mI (523) spi_flash: flash io: dio[0m
[0;33mW (527) ADC: legacy driver is deprecated, please migrate to `esp_adc/adc_oneshot.h`[0m
[0;32mI (536) main_task: Started on CPU0[0m
[0;32mI (546) main_task: Calling app_main()[0m
[0;32mI (546) PLAY_FLASH_MP3_CONTROL: [ 1 ] Start audio codec chip[0m
[0;33mW (546) i2c_bus_v2: I2C master handle is NULL, will create new one[0m
[0;32mI (586) PLAY_FLASH_MP3_CONTROL: [ 2 ] Create audio pipeline, add all elements to pipeline, and subscribe pipeline event[0m
[0;32mI (586) PLAY_FLASH_MP3_CONTROL: [2.1] Create mp3 decoder to decode mp3 file and set custom read callback[0m
[0;32mI (596) PLAY_FLASH_MP3_CONTROL: [2.2] Create i2s stream to write data to codec chip[0m
[0;32mI (606) PLAY_FLASH_MP3_CONTROL: [2.3] Register all elements to audio pipeline[0m
[0;32mI (616) PLAY_FLASH_MP3_CONTROL: [2.4] Link it together [mp3_music_read_cb]-->mp3_decoder-->i2s_stream-->[codec_chip][0m
[0;32mI (626) PLAY_FLASH_MP3_CONTROL: [ 3 ] Initialize peripherals[0m
[0;32mI (626) PLAY_FLASH_MP3_CONTROL: [3.1] Initialize keys on board[0m
[0;32mI (636) PLAY_FLASH_MP3_CONTROL: [ 4 ] Set up  event listener[0m
[0;32mI (646) PLAY_FLASH_MP3_CONTROL: [4.1] Listening event from all elements of pipeline[0m
[0;32mI (646) PLAY_FLASH_MP3_CONTROL: [4.2] Listening event from peripherals[0m
[0;33mW (656) PLAY_FLASH_MP3_CONTROL: [ 5 ] Tap touch buttons to control music player:[0m
[0;33mW (666) PLAY_FLASH_MP3_CONTROL:       [Play] to start, pause and resume, [Set] to stop.[0m
[0;33mW (676) PLAY_FLASH_MP3_CONTROL:       [Vol-] or [Vol+] to adjust volume.[0m
[0;32mI (686) PLAY_FLASH_MP3_CONTROL: [ 5.1 ] Start audio_pipeline[0m
[0;33mW (686) AUDIO_THREAD: Make sure selected the `CONFIG_SPIRAM_BOOT_INIT` and `CONFIG_SPIRAM_ALLOW_STACK_EXTERNAL_MEMORY` by `make menuconfig`[0m
[0;32mI (716) PLAY_FLASH_MP3_CONTROL: [ * ] Receive music info from mp3 decoder, sample_rates=8000, bits=16, ch=2[0m
[0;32mI (2536) PLAY_FLASH_MP3_CONTROL: [ * ] [mode] tap event[0m
[0;33mW (2536) AUDIO_ELEMENT: OUT-[mp3] AEL_IO_ABORT[0m
[0;33mW (2536) MP3_DECODER: Output aborted -3[0m
[0;33mW (2566) AUDIO_THREAD: Make sure selected the `CONFIG_SPIRAM_BOOT_INIT` and `CONFIG_SPIRAM_ALLOW_STACK_EXTERNAL_MEMORY` by `make menuconfig`[0m
[0;32mI (2576) PLAY_FLASH_MP3_CONTROL: [ * ] Receive music info from mp3 decoder, sample_rates=22050, bits=16, ch=2[0m
[0;32mI (3936) PLAY_FLASH_MP3_CONTROL: [ * ] [mode] tap event[0m
[0;33mW (3936) AUDIO_ELEMENT: OUT-[mp3] AEL_IO_ABORT[0m
[0;33mW (3936) MP3_DECODER: Output aborted -3[0m
[0;33mW (3956) AUDIO_THREAD: Make sure selected the `CONFIG_SPIRAM_BOOT_INIT` and `CONFIG_SPIRAM_ALLOW_STACK_EXTERNAL_MEMORY` by `make menuconfig`[0m
[0;32mI (3976) PLAY_FLASH_MP3_CONTROL: [ * ] Receive music info from mp3 decoder, sample_rates=44100, bits=16, ch=2[0m
[0;32mI (4896) PLAY_FLASH_MP3_CONTROL: [ * ] [Vol+] touch tap event[0m
[0;32mI (4896) PLAY_FLASH_MP3_CONTROL: [ * ] Volume set to 80 %[0m
[0;32mI (5116) PLAY_FLASH_MP3_CONTROL: [ * ] [Vol+] touch tap event[0m
[0;32mI (5116) PLAY_FLASH_MP3_CONTROL: [ * ] Volume set to 90 %[0m
[0;32mI (5776) PLAY_FLASH_MP3_CONTROL: [ * ] [Vol+] touch tap event[0m
[0;32mI (5776) PLAY_FLASH_MP3_CONTROL: [ * ] Volume set to 100 %[0m
[0;32mI (6036) PLAY_FLASH_MP3_CONTROL: [ * ] [Vol+] touch tap event[0m
[0;32mI (6036) PLAY_FLASH_MP3_CONTROL: [ * ] Volume set to 100 %[0m
[0;32mI (6376) PLAY_FLASH_MP3_CONTROL: [ * ] [Vol+] touch tap event[0m
[0;32mI (6376) PLAY_FLASH_MP3_CONTROL: [ * ] Volume set to 100 %[0m
[0;32mI (6596) PLAY_FLASH_MP3_CONTROL: [ * ] [Vol+] touch tap event[0m
[0;32mI (6596) PLAY_FLASH_MP3_CONTROL: [ * ] Volume set to 100 %[0m
[0;32mI (6836) PLAY_FLASH_MP3_CONTROL: [ * ] [Vol+] touch tap event[0m
[0;32mI (6836) PLAY_FLASH_MP3_CONTROL: [ * ] Volume set to 100 %[0m
[0;32mI (7056) PLAY_FLASH_MP3_CONTROL: [ * ] [Vol+] touch tap event[0m
[0;32mI (7056) PLAY_FLASH_MP3_CONTROL: [ * ] Volume set to 100 %[0m
[0;33mW (7076) ADC_BTN: Old ID:0, New ID:4, Cnt:2[0m
ets Jul 29 2019 12:21:46

rst:0x1 (POWERON_RESET),boot:0x13 (SPI_FAST_FLASH_BOOT)
configsip: 0, SPIWP:0xee
clk_drv:0x00,q_drv:0x00,d_drv:0x00,cs0_drv:0x00,hd_drv:0x00,wp_drv:0x00
mode:DIO, clock div:2
load:0x3fff0030,len:7176
load:0x40078000,len:15564
ho 0 tail 12 room 4
load:0x40080400,len:4
load:0x40080404,len:3904
entry 0x40080640
[0;32mI (31) boot: ESP-IDF v5.3.1-dirty 2nd stage bootloader[0m
[0;32mI (31) boot: compile time May 17 2025 19:51:38[0m
[0;32mI (31) boot: Multicore bootloader[0m
[0;32mI (36) boot: chip revision: v3.1[0m
[0;32mI (40) boot.esp32: SPI Speed      : 40MHz[0m
[0;32mI (44) boot.esp32: SPI Mode       : DIO[0m
[0;32mI (49) boot.esp32: SPI Flash Size : 8MB[0m
[0;32mI (53) boot: Enabling RNG early entropy source...[0m
[0;32mI (59) boot: Partition Table:[0m
[0;32mI (62) boot: ## Label            Usage          Type ST Offset   Length[0m
[0;32mI (70) boot:  0 nvs              WiFi data        01 02 00009000 00006000[0m
[0;32mI (77) boot:  1 phy_init         RF data          01 01 0000f000 00001000[0m
[0;32mI (85) boot:  2 factory          factory app      00 00 00010000 00100000[0m
[0;32mI (92) boot: End of partition table[0m
[0;32mI (96) esp_image: segment 0: paddr=00010020 vaddr=3f400020 size=8d24ch (578124) map[0m
[0;32mI (303) esp_image: segment 1: paddr=0009d274 vaddr=3ffb0000 size=0253ch (  9532) load[0m
[0;32mI (307) esp_image: segment 2: paddr=0009f7b8 vaddr=40080000 size=00860h (  2144) load[0m
[0;32mI (310) esp_image: segment 3: paddr=000a0020 vaddr=400d0020 size=2f45ch (193628) map[0m
[0;32mI (384) esp_image: segment 4: paddr=000cf484 vaddr=40080860 size=0ea64h ( 60004) load[0m
[0;32mI (415) boot: Loaded app from partition at offset 0x10000[0m
[0;32mI (415) boot: Disabling RNG early entropy source...[0m
[0;32mI (427) cpu_start: Multicore app[0m
[0;32mI (435) cpu_start: Pro cpu start user code[0m
[0;32mI (435) cpu_start: cpu freq: 160000000 Hz[0m
[0;32mI (435) app_init: Application information:[0m
[0;32mI (438) app_init: Project name:     play_mp3_control[0m
[0;32mI (444) app_init: App version:      ab345f7-dirty[0m
[0;32mI (449) app_init: Compile time:     May 17 2025 19:51:34[0m
[0;32mI (455) app_init: ELF file SHA256:  4db0f455e...[0m
[0;32mI (461) app_init: ESP-IDF:          v5.3.1-dirty[0m
[0;32mI (466) efuse_init: Min chip rev:     v0.0[0m
[0;32mI (471) efuse_init: Max chip rev:     v3.99 [0m
[0;32mI (476) efuse_init: Chip rev:         v3.1[0m
[0;32mI (481) heap_init: Initializing. RAM available for dynamic allocation:[0m
[0;32mI (488) heap_init: At 3FFAE6E0 len 00001920 (6 KiB): DRAM[0m
[0;32mI (494) heap_init: At 3FFB3118 len 0002CEE8 (179 KiB): DRAM[0m
[0;32mI (500) heap_init: At 3FFE0440 len 00003AE0 (14 KiB): D/IRAM[0m
[0;32mI (506) heap_init: At 3FFE4350 len 0001BCB0 (111 KiB): D/IRAM[0m
[0;32mI (513) heap_init: At 4008F2C4 len 00010D3C (67 KiB): IRAM[0m
[0;32mI (520) spi_flash: detected chip: gd[0m
[0;32mI (523) spi_flash: flash io: dio[0m
[0;33mW (527) ADC: legacy driver is deprecated, please migrate to `esp_adc/adc_oneshot.h`[0m
[0;32mI (536) main_task: Started on CPU0[0m
[0;32mI (546) main_task: Calling app_main()[0m
[0;32mI (546) PLAY_FLASH_MP3_CONTROL: [ 1 ] Start audio codec chip[0m
[0;33mW (546) i2c_bus_v2: I2C master handle is NULL, will create new one[0m
[0;32mI (586) PLAY_FLASH_MP3_CONTROL: [ 2 ] Create audio pipeline, add all elements to pipeline, and subscribe pipeline event[0m
[0;32mI (586) PLAY_FLASH_MP3_CONTROL: [2.1] Create mp3 decoder to decode mp3 file and set custom read callback[0m
[0;32mI (596) PLAY_FLASH_MP3_CONTROL: [2.2] Create i2s stream to write data to codec chip[0m
[0;32mI (606) PLAY_FLASH_MP3_CONTROL: [2.3] Register all elements to audio pipeline[0m
[0;32mI (616) PLAY_FLASH_MP3_CONTROL: [2.4] Link it together [mp3_music_read_cb]-->mp3_decoder-->i2s_stream-->[codec_chip][0m
[0;32mI (626) PLAY_FLASH_MP3_CONTROL: [ 3 ] Initialize peripherals[0m
[0;32mI (626) PLAY_FLASH_MP3_CONTROL: [3.1] Initialize keys on board[0m
[0;32mI (636) PLAY_FLASH_MP3_CONTROL: [ 4 ] Set up  event listener[0m
[0;32mI (646) PLAY_FLASH_MP3_CONTROL: [4.1] Listening event from all elements of pipeline[0m
[0;32mI (646) PLAY_FLASH_MP3_CONTROL: [4.2] Listening event from peripherals[0m
[0;33mW (656) PLAY_FLASH_MP3_CONTROL: [ 5 ] Tap touch buttons to control music player:[0m
[0;33mW (666) PLAY_FLASH_MP3_CONTROL:       [Play] to start, pause and resume, [Set] to stop.[0m
[0;33mW (676) PLAY_FLASH_MP3_CONTROL:       [Vol-] or [Vol+] to adjust volume.[0m
[0;32mI (686) PLAY_FLASH_MP3_CONTROL: [ 5.1 ] Start audio_pipeline[0m
[0;33mW (686) AUDIO_THREAD: Make sure selected the `CONFIG_SPIRAM_BOOT_INIT` and `CONFIG_SPIRAM_ALLOW_STACK_EXTERNAL_MEMORY` by `make menuconfig`[0m
[0;32mI (716) PLAY_FLASH_MP3_CONTROL: [ * ] Receive music info from mp3 decoder, sample_rates=8000, bits=16, ch=2[0m
[0;32mI (2316) PLAY_FLASH_MP3_CONTROL: [ * ] [mode] tap event[0m
[0;33mW (2316) AUDIO_ELEMENT: OUT-[mp3] AEL_IO_ABORT[0m
[0;33mW (2316) MP3_DECODER: Output aborted -3[0m
[0;33mW (2326) AUDIO_THREAD: Make sure selected the `CONFIG_SPIRAM_BOOT_INIT` and `CONFIG_SPIRAM_ALLOW_STACK_EXTERNAL_MEMORY` by `make menuconfig`[0m
[0;32mI (2346) PLAY_FLASH_MP3_CONTROL: [ * ] Receive music info from mp3 decoder, sample_rates=22050, bits=16, ch=2[0m
[0;32mI (4436) PLAY_FLASH_MP3_CONTROL: [ * ] [mode] tap event[0m
[0;33mW (4436) AUDIO_ELEMENT: OUT-[mp3] AEL_IO_ABORT[0m
[0;33mW (4436) MP3_DECODER: Output aborted -3[0m
[0;33mW (4456) AUDIO_THREAD: Make sure selected the `CONFIG_SPIRAM_BOOT_INIT` and `CONFIG_SPIRAM_ALLOW_STACK_EXTERNAL_MEMORY` by `make menuconfig`[0m
[0;32mI (4476) PLAY_FLASH_MP3_CONTROL: [ * ] Receive music info from mp3 decoder, sample_rates=44100, bits=16, ch=2[0m
